
> kl-ciie-platform@2.0.0 dev
> vite


  [32m[1mVITE[22m v5.4.21[39m  [2mready in [0m[1m3463[22m[2m[0m ms[22m

  [32m➜[39m  [1mLocal[22m:   [36mhttp://localhost:[1m5173[22m/[39m
[2m  [32m➜[39m  [1mNetwork[22m[2m: use [22m[1m--host[22m[2m to expose[22m
[2m7:36:57 am[22m [36m[1m[vite][22m[39m [32mpage reload [39m[2mbackend/src/config/index.ts[22m
[2m7:44:25 am[22m [36m[1m[vite][22m[39m [32mpage reload [39m[2mbackend/src/index.ts[22m
[2m7:44:30 am[22m [36m[1m[vite][22m[39m [32mpage reload [39m[2mbackend/src/index.ts[22m
[2m7:45:13 am[22m [36m[1m[vite][22m[39m [32mpage reload [39m[2mbackend/src/middleware/auth.ts[22m
[2m7:45:22 am[22m [36m[1m[vite][22m[39m [32mpage reload [39m[2mbackend/src/routes/db.routes.ts[22m
[2m7:45:26 am[22m [36m[1m[vite][22m[39m [32mpage reload [39m[2mbackend/src/routes/db.routes.ts[22m
[2m7:45:32 am[22m [36m[1m[vite][22m[39m [32mpage reload [39m[2mbackend/src/routes/rpc.routes.ts[22m
[2m7:46:01 am[22m [36m[1m[vite][22m[39m [32mpage reload [39m[2mbackend/src/routes/rpc.routes.ts[22m
[2m7:46:10 am[22m [36m[1m[vite][22m[39m [32mpage reload [39m[2mbackend/src/routes/rpc.routes.ts[22m
[2m7:46:16 am[22m [36m[1m[vite][22m[39m [32mpage reload [39m[2mbackend/src/index.ts[22m
[2m7:46:47 am[22m [36m[1m[vite][22m[39m [32mpage reload [39m[2mbackend/src/services/data.service.ts[22m
[2m7:47:06 am[22m [36m[1m[vite][22m[39m [32mpage reload [39m[2mbackend/src/services/data.service.ts[22m
[2m7:47:36 am[22m [36m[1m[vite][22m[39m [32mpage reload [39m[2mbackend/src/routes/rpc.routes.ts[22m
[2m7:47:41 am[22m [36m[1m[vite][22m[39m [32mpage reload [39m[2mbackend/package.json[22m
[2m7:48:06 am[22m [36m[1m[vite][22m[39m [32mpage reload [39m[2mbackend/src/routes/rpc.routes.ts[22m
[2m7:54:42 am[22m [36m[1m[vite][22m[39m [32mpage reload [39m[2mbackend/src/services/data.service.ts[22m
[2m7:56:38 am[22m [36m[1m[vite][22m[39m [32mpage reload [39m[2mbackend/src/services/data.service.ts[22m
[2m7:56:54 am[22m [36m[1m[vite][22m[39m [32mpage reload [39m[2mbackend/src/services/data.service.ts[22m
[2m7:58:47 am[22m [36m[1m[vite][22m[39m [32mpage reload [39m[2mbackend/src/routes/rpc.routes.ts[22m
[2m8:00:12 am[22m [36m[1m[vite][22m[39m [32mpage reload [39m[2mbackend/src/routes/rpc.routes.ts[22m
[2m8:02:28 am[22m [36m[1m[vite][22m[39m [32mpage reload [39m[2mbackend/src/services/data.service.ts[22m
[2m8:04:09 am[22m [36m[1m[vite][22m[39m [32mpage reload [39m[2mbackend/src/routes/auth.routes.ts[22m
[2m8:04:17 am[22m [36m[1m[vite][22m[39m [32mpage reload [39m[2mbackend/src/routes/auth.routes.ts[22m
[2m8:11:59 am[22m [36m[1m[vite][22m[39m [32mpage reload [39m[2mbackend/src/index.ts[22m
[2m8:12:06 am[22m [36m[1m[vite][22m[39m [32mpage reload [39m[2mbackend/src/index.ts[22m
[2m8:12:18 am[22m [36m[1m[vite][22m[39m [32mpage reload [39m[2mbackend/src/routes/auth.routes.ts[22m
[2m8:12:25 am[22m [36m[1m[vite][22m[39m [32mpage reload [39m[2mbackend/src/routes/auth.routes.ts[22m
[2m8:12:34 am[22m [36m[1m[vite][22m[39m [32mpage reload [39m[2mbackend/src/routes/auth.routes.ts[22m
[2m8:12:43 am[22m [36m[1m[vite][22m[39m [32mpage reload [39m[2mbackend/src/routes/auth.routes.ts[22m
[2m8:13:03 am[22m [36m[1m[vite][22m[39m [32mpage reload [39m[2mbackend/src/routes/auth.routes.ts[22m
[2m8:14:42 am[22m [36m[1m[vite][22m[39m [32mpage reload [39m[2mbackend/src/auth/recovery.ts[22m
[2m8:14:47 am[22m [36m[1m[vite][22m[39m [32mpage reload [39m[2mbackend/src/routes/rpc.routes.ts[22m
[2m8:14:56 am[22m [36m[1m[vite][22m[39m [32mpage reload [39m[2mbackend/src/routes/rpc.routes.ts[22m
[2m8:15:04 am[22m [36m[1m[vite][22m[39m [32mpage reload [39m[2mbackend/src/routes/rpc.routes.ts[22m
[2m8:15:11 am[22m [36m[1m[vite][22m[39m [32mpage reload [39m[2mbackend/src/routes/functions.routes.ts[22m
[2m8:21:10 am[22m [36m[1m[vite][22m[39m [32mpage reload [39m[2mbackend/src/services/data.service.ts[22m
[2m8:21:18 am[22m [36m[1m[vite][22m[39m [32mpage reload [39m[2mbackend/src/services/data.service.ts[22m
[2m8:21:24 am[22m [36m[1m[vite][22m[39m [32mpage reload [39m[2mbackend/src/services/data.service.ts[22m
[2m8:21:33 am[22m [36m[1m[vite][22m[39m [32mpage reload [39m[2mbackend/src/routes/auth.routes.ts[22m
[2m8:25:36 am[22m [36m[1m[vite][22m[39m [32mpage reload [39m[2mbackend/src/routes/rpc.routes.ts[22m
[2m8:25:53 am[22m [36m[1m[vite][22m[39m [32mpage reload [39m[2mbackend/src/routes/functions.routes.ts[22m
[2m8:40:38 am[22m [36m[1m[vite][22m[39m [32mhmr update [39m[2m/src/index.css, /src/hooks/useBranding.tsx, /src/hooks/useSettings.tsx, /src/hooks/useAuth.tsx, /src/pages/Home.tsx, /src/pages/member/Dashboard.tsx, /src/pages/EventsList.tsx, /src/pages/member/MemberQr.tsx, /src/pages/member/ProfileEdit.tsx, /src/pages/member/MyEvents.tsx, /src/pages/RegisterSuccess.tsx, /src/pages/MembersList.tsx, /@fs/E:\KL_CIIE\src\components\amtps\AmtpsShowcase.tsx, /src/pages/Gallery.tsx, /@fs/E:\KL_CIIE\src\components\startups\StartupsShowcase.tsx[22m
[2m8:43:29 am[22m [36m[1m[vite][22m[39m [32mpage reload [39m[2mbackend/src/services/data.service.ts[22m
[2m8:43:34 am[22m [36m[1m[vite][22m[39m [32mpage reload [39m[2mbackend/src/services/data.service.ts[22m
[2m8:43:40 am[22m [36m[1m[vite][22m[39m [32mpage reload [39m[2mbackend/src/routes/db.routes.ts[22m
[2m8:43:54 am[22m [36m[1m[vite][22m[39m [32mpage reload [39m[2mbackend/src/routes/db.routes.ts[22m
[2m8:44:05 am[22m [36m[1m[vite][22m[39m [32mhmr update [39m[2m/src/index.css, /src/hooks/useBranding.tsx, /src/hooks/useSettings.tsx, /src/hooks/useAuth.tsx, /src/pages/Home.tsx, /src/pages/member/Dashboard.tsx, /src/pages/EventsList.tsx, /src/pages/member/MemberQr.tsx, /src/pages/member/ProfileEdit.tsx, /src/pages/member/MyEvents.tsx, /src/pages/RegisterSuccess.tsx, /src/pages/MembersList.tsx, /@fs/E:\KL_CIIE\src\components\amtps\AmtpsShowcase.tsx, /src/pages/Gallery.tsx, /@fs/E:\KL_CIIE\src\components\startups\StartupsShowcase.tsx[22m
[2m8:44:14 am[22m [36m[1m[vite][22m[39m [32mhmr update [39m[2m/src/index.css, /src/hooks/useBranding.tsx, /src/hooks/useSettings.tsx, /src/hooks/useAuth.tsx, /src/pages/Home.tsx, /src/pages/member/Dashboard.tsx, /src/pages/EventsList.tsx, /src/pages/member/MemberQr.tsx, /src/pages/member/ProfileEdit.tsx, /src/pages/member/MyEvents.tsx, /src/pages/RegisterSuccess.tsx, /src/pages/MembersList.tsx, /@fs/E:\KL_CIIE\src\components\amtps\AmtpsShowcase.tsx, /src/pages/Gallery.tsx, /@fs/E:\KL_CIIE\src\components\startups\StartupsShowcase.tsx[22m
[2m8:44:21 am[22m [36m[1m[vite][22m[39m [32mhmr update [39m[2m/src/index.css, /src/hooks/useBranding.tsx, /src/hooks/useSettings.tsx, /src/hooks/useAuth.tsx, /src/pages/Home.tsx, /src/pages/member/Dashboard.tsx, /src/pages/EventsList.tsx, /src/pages/member/MemberQr.tsx, /src/pages/member/ProfileEdit.tsx, /src/pages/member/MyEvents.tsx, /src/pages/RegisterSuccess.tsx, /src/pages/MembersList.tsx, /@fs/E:\KL_CIIE\src\components\amtps\AmtpsShowcase.tsx, /src/pages/Gallery.tsx, /@fs/E:\KL_CIIE\src\components\startups\StartupsShowcase.tsx[22m
[2m8:44:27 am[22m [36m[1m[vite][22m[39m [32mhmr update [39m[2m/src/index.css, /src/hooks/useBranding.tsx, /src/hooks/useSettings.tsx, /src/hooks/useAuth.tsx, /src/pages/Home.tsx, /src/pages/member/Dashboard.tsx, /src/pages/EventsList.tsx, /src/pages/member/MemberQr.tsx, /src/pages/member/ProfileEdit.tsx, /src/pages/member/MyEvents.tsx, /src/pages/RegisterSuccess.tsx, /src/pages/MembersList.tsx, /@fs/E:\KL_CIIE\src\components\amtps\AmtpsShowcase.tsx, /src/pages/Gallery.tsx, /@fs/E:\KL_CIIE\src\components\startups\StartupsShowcase.tsx[22m
[2m8:44:32 am[22m [36m[1m[vite][22m[39m [32mvite.config.ts changed, restarting server...[39m
[2m8:44:33 am[22m [36m[1m[vite][22m[39m server restarted.
[2m11:50:12 am[22m [36m[1m[vite][22m[39m [32mvite.config.ts changed, restarting server...[39m
[2m11:50:13 am[22m [36m[1m[vite][22m[39m server restarted.
