[2m8:42:39 pm[22m [31m[1m[vite][22m[39m [31mhttp proxy error: /api/db/select[39m
AggregateError [ECONNREFUSED]: 
    at internalConnectMultiple (node:net:1193:18)
    at afterConnectMultiple (node:net:1783:7)
[2m8:42:39 pm[22m [31m[1m[vite][22m[39m [31mhttp proxy error: /api/db/select[39m
AggregateError [ECONNREFUSED]: 
    at internalConnectMultiple (node:net:1193:18)
    at afterConnectMultiple (node:net:1783:7)
[2m8:42:39 pm[22m [31m[1m[vite][22m[39m [31mhttp proxy error: /api/db/select[39m
AggregateError [ECONNREFUSED]: 
    at internalConnectMultiple (node:net:1193:18)
    at afterConnectMultiple (node:net:1783:7)
[2m8:42:39 pm[22m [31m[1m[vite][22m[39m [31mhttp proxy error: /api/db/select[39m
AggregateError [ECONNREFUSED]: 
    at internalConnectMultiple (node:net:1193:18)
    at afterConnectMultiple (node:net:1783:7)
[2m8:42:39 pm[22m [31m[1m[vite][22m[39m [31mhttp proxy error: /api/db/select[39m
AggregateError [ECONNREFUSED]: 
    at internalConnectMultiple (node:net:1193:18)
    at afterConnectMultiple (node:net:1783:7)
[2m8:42:39 pm[22m [31m[1m[vite][22m[39m [31mhttp proxy error: /api/db/select[39m
AggregateError [ECONNREFUSED]: 
    at internalConnectMultiple (node:net:1193:18)
    at afterConnectMultiple (node:net:1783:7)
[2m8:42:39 pm[22m [31m[1m[vite][22m[39m [31mhttp proxy error: /api/db/select[39m
AggregateError [ECONNREFUSED]: 
    at internalConnectMultiple (node:net:1193:18)
    at afterConnectMultiple (node:net:1783:7)
[2m8:42:39 pm[22m [31m[1m[vite][22m[39m [31mhttp proxy error: /api/auth/mfa/factors[39m
AggregateError [ECONNREFUSED]: 
    at internalConnectMultiple (node:net:1193:18)
    at afterConnectMultiple (node:net:1783:7)
[2m8:42:39 pm[22m [31m[1m[vite][22m[39m [31mhttp proxy error: /api/auth/mfa/factors[39m
AggregateError [ECONNREFUSED]: 
    at internalConnectMultiple (node:net:1193:18)
    at afterConnectMultiple (node:net:1783:7)
[2m8:42:39 pm[22m [31m[1m[vite][22m[39m [31mhttp proxy error: /api/auth/mfa/factors[39m
AggregateError [ECONNREFUSED]: 
    at internalConnectMultiple (node:net:1193:18)
    at afterConnectMultiple (node:net:1783:7)
[2m8:42:39 pm[22m [31m[1m[vite][22m[39m [31mhttp proxy error: /api/db/select[39m
AggregateError [ECONNREFUSED]: 
    at internalConnectMultiple (node:net:1193:18)
    at afterConnectMultiple (node:net:1783:7)
[2m8:42:39 pm[22m [31m[1m[vite][22m[39m [31mhttp proxy error: /api/rpc/get_member_rank[39m
AggregateError [ECONNREFUSED]: 
    at internalConnectMultiple (node:net:1193:18)
    at afterConnectMultiple (node:net:1783:7)
[2m8:42:39 pm[22m [31m[1m[vite][22m[39m [31mhttp proxy error: /api/db/select[39m
AggregateError [ECONNREFUSED]: 
    at internalConnectMultiple (node:net:1193:18)
    at afterConnectMultiple (node:net:1783:7)
[2m8:42:39 pm[22m [31m[1m[vite][22m[39m [31mhttp proxy error: /api/rpc/get_member_rank[39m
AggregateError [ECONNREFUSED]: 
    at internalConnectMultiple (node:net:1193:18)
    at afterConnectMultiple (node:net:1783:7)
[2m8:42:39 pm[22m [31m[1m[vite][22m[39m [31mhttp proxy error: /api/db/select[39m
AggregateError [ECONNREFUSED]: 
    at internalConnectMultiple (node:net:1193:18)
    at afterConnectMultiple (node:net:1783:7)
[2m8:42:39 pm[22m [31m[1m[vite][22m[39m [31mhttp proxy error: /api/db/select[39m
AggregateError [ECONNREFUSED]: 
    at internalConnectMultiple (node:net:1193:18)
    at afterConnectMultiple (node:net:1783:7)
[2m8:42:39 pm[22m [31m[1m[vite][22m[39m [31mhttp proxy error: /api/db/select[39m
AggregateError [ECONNREFUSED]: 
    at internalConnectMultiple (node:net:1193:18)
    at afterConnectMultiple (node:net:1783:7)
[2m8:42:39 pm[22m [31m[1m[vite][22m[39m [31mhttp proxy error: /api/db/select[39m
AggregateError [ECONNREFUSED]: 
    at internalConnectMultiple (node:net:1193:18)
    at afterConnectMultiple (node:net:1783:7)
[2m8:42:45 pm[22m [31m[1m[vite][22m[39m [31mhttp proxy error: /api/db/select[39m
AggregateError [ECONNREFUSED]: 
    at internalConnectMultiple (node:net:1193:18)
    at afterConnectMultiple (node:net:1783:7)
[2m8:42:45 pm[22m [31m[1m[vite][22m[39m [31mhttp proxy error: /api/auth/mfa/factors[39m
AggregateError [ECONNREFUSED]: 
    at internalConnectMultiple (node:net:1193:18)
    at afterConnectMultiple (node:net:1783:7)
[2m8:42:46 pm[22m [31m[1m[vite][22m[39m [31mhttp proxy error: /api/db/select[39m
AggregateError [ECONNREFUSED]: 
    at internalConnectMultiple (node:net:1193:18)
    at afterConnectMultiple (node:net:1783:7)
[2m8:42:46 pm[22m [31m[1m[vite][22m[39m [31mhttp proxy error: /api/auth/mfa/factors[39m
AggregateError [ECONNREFUSED]: 
    at internalConnectMultiple (node:net:1193:18)
    at afterConnectMultiple (node:net:1783:7)
[2m8:52:59 pm[22m [31m[1m[vite][22m[39m [31mhttp proxy error: /api/db/select[39m
AggregateError [ECONNREFUSED]: 
    at internalConnectMultiple (node:net:1193:18)
    at afterConnectMultiple (node:net:1783:7)
[2m8:52:59 pm[22m [31m[1m[vite][22m[39m [31mhttp proxy error: /api/db/select[39m
AggregateError [ECONNREFUSED]: 
    at internalConnectMultiple (node:net:1193:18)
    at afterConnectMultiple (node:net:1783:7)
[2m8:52:59 pm[22m [31m[1m[vite][22m[39m [31mhttp proxy error: /api/db/select[39m
AggregateError [ECONNREFUSED]: 
    at internalConnectMultiple (node:net:1193:18)
    at afterConnectMultiple (node:net:1783:7)
[2m8:52:59 pm[22m [31m[1m[vite][22m[39m [31mhttp proxy error: /api/db/select[39m
AggregateError [ECONNREFUSED]: 
    at internalConnectMultiple (node:net:1193:18)
    at afterConnectMultiple (node:net:1783:7)
[2m8:52:59 pm[22m [31m[1m[vite][22m[39m [31mhttp proxy error: /api/db/select[39m
AggregateError [ECONNREFUSED]: 
    at internalConnectMultiple (node:net:1193:18)
    at afterConnectMultiple (node:net:1783:7)
[2m8:52:59 pm[22m [31m[1m[vite][22m[39m [31mhttp proxy error: /api/db/select[39m
AggregateError [ECONNREFUSED]: 
    at internalConnectMultiple (node:net:1193:18)
    at afterConnectMultiple (node:net:1783:7)
[2m8:52:59 pm[22m [31m[1m[vite][22m[39m [31mhttp proxy error: /api/db/select[39m
AggregateError [ECONNREFUSED]: 
    at internalConnectMultiple (node:net:1193:18)
    at afterConnectMultiple (node:net:1783:7)
[2m8:52:59 pm[22m [31m[1m[vite][22m[39m [31mhttp proxy error: /api/auth/mfa/factors[39m
AggregateError [ECONNREFUSED]: 
    at internalConnectMultiple (node:net:1193:18)
    at afterConnectMultiple (node:net:1783:7)
[2m8:52:59 pm[22m [31m[1m[vite][22m[39m [31mhttp proxy error: /api/auth/mfa/factors[39m
AggregateError [ECONNREFUSED]: 
    at internalConnectMultiple (node:net:1193:18)
    at afterConnectMultiple (node:net:1783:7)
[2m8:52:59 pm[22m [31m[1m[vite][22m[39m [31mhttp proxy error: /api/auth/mfa/factors[39m
AggregateError [ECONNREFUSED]: 
    at internalConnectMultiple (node:net:1193:18)
    at afterConnectMultiple (node:net:1783:7)
[2m8:52:59 pm[22m [31m[1m[vite][22m[39m [31mhttp proxy error: /api/db/select[39m
AggregateError [ECONNREFUSED]: 
    at internalConnectMultiple (node:net:1193:18)
    at afterConnectMultiple (node:net:1783:7)
[2m8:52:59 pm[22m [31m[1m[vite][22m[39m [31mhttp proxy error: /api/rpc/get_member_rank[39m
AggregateError [ECONNREFUSED]: 
    at internalConnectMultiple (node:net:1193:18)
    at afterConnectMultiple (node:net:1783:7)
[2m8:52:59 pm[22m [31m[1m[vite][22m[39m [31mhttp proxy error: /api/db/select[39m
AggregateError [ECONNREFUSED]: 
    at internalConnectMultiple (node:net:1193:18)
    at afterConnectMultiple (node:net:1783:7)
[2m8:52:59 pm[22m [31m[1m[vite][22m[39m [31mhttp proxy error: /api/rpc/get_member_rank[39m
AggregateError [ECONNREFUSED]: 
    at internalConnectMultiple (node:net:1193:18)
    at afterConnectMultiple (node:net:1783:7)
[2m8:52:59 pm[22m [31m[1m[vite][22m[39m [31mhttp proxy error: /api/db/select[39m
AggregateError [ECONNREFUSED]: 
    at internalConnectMultiple (node:net:1193:18)
    at afterConnectMultiple (node:net:1783:7)
[2m8:52:59 pm[22m [31m[1m[vite][22m[39m [31mhttp proxy error: /api/db/select[39m
AggregateError [ECONNREFUSED]: 
    at internalConnectMultiple (node:net:1193:18)
    at afterConnectMultiple (node:net:1783:7)
[2m8:52:59 pm[22m [31m[1m[vite][22m[39m [31mhttp proxy error: /api/db/select[39m
AggregateError [ECONNREFUSED]: 
    at internalConnectMultiple (node:net:1193:18)
    at afterConnectMultiple (node:net:1783:7)
[2m8:52:59 pm[22m [31m[1m[vite][22m[39m [31mhttp proxy error: /api/db/select[39m
AggregateError [ECONNREFUSED]: 
    at internalConnectMultiple (node:net:1193:18)
    at afterConnectMultiple (node:net:1783:7)
[2m10:03:52 pm[22m [31m[1m[vite][22m[39m [31mhttp proxy error: /api/db/select[39m
AggregateError [ECONNREFUSED]: 
    at internalConnectMultiple (node:net:1193:18)
    at afterConnectMultiple (node:net:1783:7)
[2m10:03:52 pm[22m [31m[1m[vite][22m[39m [31mhttp proxy error: /api/db/select[39m
AggregateError [ECONNREFUSED]: 
    at internalConnectMultiple (node:net:1193:18)
    at afterConnectMultiple (node:net:1783:7)
[2m10:03:52 pm[22m [31m[1m[vite][22m[39m [31mhttp proxy error: /api/db/select[39m
AggregateError [ECONNREFUSED]: 
    at internalConnectMultiple (node:net:1193:18)
    at afterConnectMultiple (node:net:1783:7)
[2m10:03:52 pm[22m [31m[1m[vite][22m[39m [31mhttp proxy error: /api/db/select[39m
AggregateError [ECONNREFUSED]: 
    at internalConnectMultiple (node:net:1193:18)
    at afterConnectMultiple (node:net:1783:7)
[2m10:03:52 pm[22m [31m[1m[vite][22m[39m [31mhttp proxy error: /api/db/select[39m
AggregateError [ECONNREFUSED]: 
    at internalConnectMultiple (node:net:1193:18)
    at afterConnectMultiple (node:net:1783:7)
[2m10:03:52 pm[22m [31m[1m[vite][22m[39m [31mhttp proxy error: /api/db/select[39m
AggregateError [ECONNREFUSED]: 
    at internalConnectMultiple (node:net:1193:18)
    at afterConnectMultiple (node:net:1783:7)
[2m10:03:52 pm[22m [31m[1m[vite][22m[39m [31mhttp proxy error: /api/db/select[39m
AggregateError [ECONNREFUSED]: 
    at internalConnectMultiple (node:net:1193:18)
    at afterConnectMultiple (node:net:1783:7)
[2m10:03:52 pm[22m [31m[1m[vite][22m[39m [31mhttp proxy error: /api/db/select[39m
AggregateError [ECONNREFUSED]: 
    at internalConnectMultiple (node:net:1193:18)
    at afterConnectMultiple (node:net:1783:7)
[2m10:03:52 pm[22m [31m[1m[vite][22m[39m [31mhttp proxy error: /api/db/select[39m
AggregateError [ECONNREFUSED]: 
    at internalConnectMultiple (node:net:1193:18)
    at afterConnectMultiple (node:net:1783:7)
[2m10:03:52 pm[22m [31m[1m[vite][22m[39m [31mhttp proxy error: /api/db/select[39m
AggregateError [ECONNREFUSED]: 
    at internalConnectMultiple (node:net:1193:18)
    at afterConnectMultiple (node:net:1783:7)
[2m10:03:52 pm[22m [31m[1m[vite][22m[39m [31mhttp proxy error: /api/db/select[39m
AggregateError [ECONNREFUSED]: 
    at internalConnectMultiple (node:net:1193:18)
    at afterConnectMultiple (node:net:1783:7)
[2m10:03:52 pm[22m [31m[1m[vite][22m[39m [31mhttp proxy error: /api/auth/mfa/factors[39m
AggregateError [ECONNREFUSED]: 
    at internalConnectMultiple (node:net:1193:18)
    at afterConnectMultiple (node:net:1783:7)
[2m10:03:52 pm[22m [31m[1m[vite][22m[39m [31mhttp proxy error: /api/auth/mfa/factors[39m
AggregateError [ECONNREFUSED]: 
    at internalConnectMultiple (node:net:1193:18)
    at afterConnectMultiple (node:net:1783:7)
[2m10:03:52 pm[22m [31m[1m[vite][22m[39m [31mhttp proxy error: /api/db/select[39m
AggregateError [ECONNREFUSED]: 
    at internalConnectMultiple (node:net:1193:18)
    at afterConnectMultiple (node:net:1783:7)
[2m10:03:52 pm[22m [31m[1m[vite][22m[39m [31mhttp proxy error: /api/db/select[39m
AggregateError [ECONNREFUSED]: 
    at internalConnectMultiple (node:net:1193:18)
    at afterConnectMultiple (node:net:1783:7)
[2m10:03:52 pm[22m [31m[1m[vite][22m[39m [31mhttp proxy error: /api/db/select[39m
AggregateError [ECONNREFUSED]: 
    at internalConnectMultiple (node:net:1193:18)
    at afterConnectMultiple (node:net:1783:7)
[2m10:03:52 pm[22m [31m[1m[vite][22m[39m [31mhttp proxy error: /api/db/select[39m
AggregateError [ECONNREFUSED]: 
    at internalConnectMultiple (node:net:1193:18)
    at afterConnectMultiple (node:net:1783:7)
[2m10:03:52 pm[22m [31m[1m[vite][22m[39m [31mhttp proxy error: /api/db/select[39m
AggregateError [ECONNREFUSED]: 
    at internalConnectMultiple (node:net:1193:18)
    at afterConnectMultiple (node:net:1783:7)
[2m10:03:52 pm[22m [31m[1m[vite][22m[39m [31mhttp proxy error: /api/db/select[39m
AggregateError [ECONNREFUSED]: 
    at internalConnectMultiple (node:net:1193:18)
    at afterConnectMultiple (node:net:1783:7)
[2m10:03:52 pm[22m [31m[1m[vite][22m[39m [31mhttp proxy error: /api/db/select[39m
AggregateError [ECONNREFUSED]: 
    at internalConnectMultiple (node:net:1193:18)
    at afterConnectMultiple (node:net:1783:7)
[2m10:03:52 pm[22m [31m[1m[vite][22m[39m [31mhttp proxy error: /api/auth/mfa/factors[39m
AggregateError [ECONNREFUSED]: 
    at internalConnectMultiple (node:net:1193:18)
    at afterConnectMultiple (node:net:1783:7)
[2m10:03:52 pm[22m [31m[1m[vite][22m[39m [31mhttp proxy error: /api/auth/mfa/factors[39m
AggregateError [ECONNREFUSED]: 
    at internalConnectMultiple (node:net:1193:18)
    at afterConnectMultiple (node:net:1783:7)
[2m10:03:52 pm[22m [31m[1m[vite][22m[39m [31mhttp proxy error: /api/auth/mfa/factors[39m
AggregateError [ECONNREFUSED]: 
    at internalConnectMultiple (node:net:1193:18)
    at afterConnectMultiple (node:net:1783:7)
[2m10:03:52 pm[22m [31m[1m[vite][22m[39m [31mhttp proxy error: /api/auth/mfa/factors[39m
AggregateError [ECONNREFUSED]: 
    at internalConnectMultiple (node:net:1193:18)
    at afterConnectMultiple (node:net:1783:7)
[2m10:03:52 pm[22m [31m[1m[vite][22m[39m [31mhttp proxy error: /api/db/select[39m
AggregateError [ECONNREFUSED]: 
    at internalConnectMultiple (node:net:1193:18)
    at afterConnectMultiple (node:net:1783:7)
[2m10:03:52 pm[22m [31m[1m[vite][22m[39m [31mhttp proxy error: /api/rpc/get_member_rank[39m
AggregateError [ECONNREFUSED]: 
    at internalConnectMultiple (node:net:1193:18)
    at afterConnectMultiple (node:net:1783:7)
[2m10:03:52 pm[22m [31m[1m[vite][22m[39m [31mhttp proxy error: /api/db/select[39m
AggregateError [ECONNREFUSED]: 
    at internalConnectMultiple (node:net:1193:18)
    at afterConnectMultiple (node:net:1783:7)
[2m10:03:52 pm[22m [31m[1m[vite][22m[39m [31mhttp proxy error: /api/rpc/get_member_rank[39m
AggregateError [ECONNREFUSED]: 
    at internalConnectMultiple (node:net:1193:18)
    at afterConnectMultiple (node:net:1783:7)
[2m10:03:52 pm[22m [31m[1m[vite][22m[39m [31mhttp proxy error: /api/db/select[39m
AggregateError [ECONNREFUSED]: 
    at internalConnectMultiple (node:net:1193:18)
    at afterConnectMultiple (node:net:1783:7)
[2m10:03:52 pm[22m [31m[1m[vite][22m[39m [31mhttp proxy error: /api/db/select[39m
AggregateError [ECONNREFUSED]: 
    at internalConnectMultiple (node:net:1193:18)
    at afterConnectMultiple (node:net:1783:7)
[2m10:03:52 pm[22m [31m[1m[vite][22m[39m [31mhttp proxy error: /api/db/select[39m
AggregateError [ECONNREFUSED]: 
    at internalConnectMultiple (node:net:1193:18)
    at afterConnectMultiple (node:net:1783:7)
[2m10:03:52 pm[22m [31m[1m[vite][22m[39m [31mhttp proxy error: /api/db/select[39m
AggregateError [ECONNREFUSED]: 
    at internalConnectMultiple (node:net:1193:18)
    at afterConnectMultiple (node:net:1783:7)
[2m10:03:52 pm[22m [31m[1m[vite][22m[39m [31mhttp proxy error: /api/db/select[39m
AggregateError [ECONNREFUSED]: 
    at internalConnectMultiple (node:net:1193:18)
    at afterConnectMultiple (node:net:1783:7)
[2m10:03:52 pm[22m [31m[1m[vite][22m[39m [31mhttp proxy error: /api/rpc/get_member_rank[39m
AggregateError [ECONNREFUSED]: 
    at internalConnectMultiple (node:net:1193:18)
    at afterConnectMultiple (node:net:1783:7)
[2m10:03:52 pm[22m [31m[1m[vite][22m[39m [31mhttp proxy error: /api/db/select[39m
AggregateError [ECONNREFUSED]: 
    at internalConnectMultiple (node:net:1193:18)
    at afterConnectMultiple (node:net:1783:7)
[2m10:03:52 pm[22m [31m[1m[vite][22m[39m [31mhttp proxy error: /api/rpc/get_member_rank[39m
AggregateError [ECONNREFUSED]: 
    at internalConnectMultiple (node:net:1193:18)
    at afterConnectMultiple (node:net:1783:7)
[2m10:03:52 pm[22m [31m[1m[vite][22m[39m [31mhttp proxy error: /api/db/select[39m
AggregateError [ECONNREFUSED]: 
    at internalConnectMultiple (node:net:1193:18)
    at afterConnectMultiple (node:net:1783:7)
[2m10:03:52 pm[22m [31m[1m[vite][22m[39m [31mhttp proxy error: /api/db/select[39m
AggregateError [ECONNREFUSED]: 
    at internalConnectMultiple (node:net:1193:18)
    at afterConnectMultiple (node:net:1783:7)
[2m10:03:52 pm[22m [31m[1m[vite][22m[39m [31mhttp proxy error: /api/db/select[39m
AggregateError [ECONNREFUSED]: 
    at internalConnectMultiple (node:net:1193:18)
    at afterConnectMultiple (node:net:1783:7)
[2m10:03:52 pm[22m [31m[1m[vite][22m[39m [31mhttp proxy error: /api/db/select[39m
AggregateError [ECONNREFUSED]: 
    at internalConnectMultiple (node:net:1193:18)
    at afterConnectMultiple (node:net:1783:7)
[2m8:23:08 am[22m [31m[1m[vite][22m[39m [31mws proxy socket error:[39m
Error: read ECONNRESET
    at TCP.onStreamRead (node:internal/stream_base_commons:216:20)
[2m8:24:19 am[22m [31m[1m[vite][22m[39m [31mhttp proxy error: /api/db/select[39m
AggregateError [ECONNREFUSED]: 
    at internalConnectMultiple (node:net:1193:18)
    at afterConnectMultiple (node:net:1783:7)
[2m8:24:19 am[22m [31m[1m[vite][22m[39m [31mhttp proxy error: /api/db/select[39m
AggregateError [ECONNREFUSED]: 
    at internalConnectMultiple (node:net:1193:18)
    at afterConnectMultiple (node:net:1783:7)
[2m8:24:19 am[22m [31m[1m[vite][22m[39m [31mhttp proxy error: /api/db/select[39m
AggregateError [ECONNREFUSED]: 
    at internalConnectMultiple (node:net:1193:18)
    at afterConnectMultiple (node:net:1783:7)
[2m8:24:19 am[22m [31m[1m[vite][22m[39m [31mhttp proxy error: /api/db/select[39m
AggregateError [ECONNREFUSED]: 
    at internalConnectMultiple (node:net:1193:18)
    at afterConnectMultiple (node:net:1783:7)
[2m8:24:19 am[22m [31m[1m[vite][22m[39m [31mhttp proxy error: /api/db/select[39m
AggregateError [ECONNREFUSED]: 
    at internalConnectMultiple (node:net:1193:18)
    at afterConnectMultiple (node:net:1783:7)
[2m8:24:19 am[22m [31m[1m[vite][22m[39m [31mhttp proxy error: /api/db/select[39m
AggregateError [ECONNREFUSED]: 
    at internalConnectMultiple (node:net:1193:18)
    at afterConnectMultiple (node:net:1783:7)
[2m8:24:19 am[22m [31m[1m[vite][22m[39m [31mhttp proxy error: /api/db/select[39m
AggregateError [ECONNREFUSED]: 
    at internalConnectMultiple (node:net:1193:18)
    at afterConnectMultiple (node:net:1783:7)
[2m8:24:19 am[22m [31m[1m[vite][22m[39m [31mhttp proxy error: /api/auth/mfa/factors[39m
AggregateError [ECONNREFUSED]: 
    at internalConnectMultiple (node:net:1193:18)
    at afterConnectMultiple (node:net:1783:7)
[2m8:24:19 am[22m [31m[1m[vite][22m[39m [31mhttp proxy error: /api/auth/mfa/factors[39m
AggregateError [ECONNREFUSED]: 
    at internalConnectMultiple (node:net:1193:18)
    at afterConnectMultiple (node:net:1783:7)
[2m8:24:19 am[22m [31m[1m[vite][22m[39m [31mhttp proxy error: /api/auth/mfa/factors[39m
AggregateError [ECONNREFUSED]: 
    at internalConnectMultiple (node:net:1193:18)
    at afterConnectMultiple (node:net:1783:7)
[2m8:24:19 am[22m [31m[1m[vite][22m[39m [31mhttp proxy error: /api/db/select[39m
AggregateError [ECONNREFUSED]: 
    at internalConnectMultiple (node:net:1193:18)
    at afterConnectMultiple (node:net:1783:7)
[2m8:24:19 am[22m [31m[1m[vite][22m[39m [31mhttp proxy error: /api/rpc/get_member_rank[39m
AggregateError [ECONNREFUSED]: 
    at internalConnectMultiple (node:net:1193:18)
    at afterConnectMultiple (node:net:1783:7)
[2m8:24:19 am[22m [31m[1m[vite][22m[39m [31mhttp proxy error: /api/db/select[39m
AggregateError [ECONNREFUSED]: 
    at internalConnectMultiple (node:net:1193:18)
    at afterConnectMultiple (node:net:1783:7)
[2m8:24:19 am[22m [31m[1m[vite][22m[39m [31mhttp proxy error: /api/rpc/get_member_rank[39m
AggregateError [ECONNREFUSED]: 
    at internalConnectMultiple (node:net:1193:18)
    at afterConnectMultiple (node:net:1783:7)
[2m8:24:19 am[22m [31m[1m[vite][22m[39m [31mhttp proxy error: /api/db/select[39m
AggregateError [ECONNREFUSED]: 
    at internalConnectMultiple (node:net:1193:18)
    at afterConnectMultiple (node:net:1783:7)
[2m8:24:19 am[22m [31m[1m[vite][22m[39m [31mhttp proxy error: /api/db/select[39m
AggregateError [ECONNREFUSED]: 
    at internalConnectMultiple (node:net:1193:18)
    at afterConnectMultiple (node:net:1783:7)
[2m8:24:19 am[22m [31m[1m[vite][22m[39m [31mhttp proxy error: /api/db/select[39m
AggregateError [ECONNREFUSED]: 
    at internalConnectMultiple (node:net:1193:18)
    at afterConnectMultiple (node:net:1783:7)
[2m8:24:19 am[22m [31m[1m[vite][22m[39m [31mhttp proxy error: /api/db/select[39m
AggregateError [ECONNREFUSED]: 
    at internalConnectMultiple (node:net:1193:18)
    at afterConnectMultiple (node:net:1783:7)
